Message is: Test Message, length: 12
[Pitch] - This is thread 1 [0]...
[Pitch] - This is thread 1 [1]...
[Pitch] - This is thread 1 [2]...
Thread 1 is done...
[Catch] - This is thread 2 [0]...
Catcher got [Test Message] from thread 1
[Catch] - This is thread 2 [1]...
Catcher got [Test Message] from thread 1
[Catch] - This is thread 2 [2]...
Catcher got [Test Message] from thread 1
Thread 2 is done...
