thread 1 [hello world.0.]...
thread 1 [hello world.1.]...
thread 1 [hello world.2.]...
thread 1 [hello world.3.]...
producer thread 1 terminates...
thread 3 [hello world.0.]...
thread 3 [hello world.1.]...
thread 3 [hello world.2.]...
thread 3 [hello world.3.]...
producer thread 3 terminates...
I got message [hello world.0.] from 1...
I got message [hello world.1.] from 1...
I got message [hello world.2.] from 1...
I got message [hello world.3.] from 1...
I got message [hello world.0.] from 3...
I got message [hello world.1.] from 3...
I got message [hello world.2.] from 3...
I got message [hello world.3.] from 3...
consumer thread 2 terminate...
thread library shutting down...
