This is main(1)...
This is main(2)...
This is main(3)[0]...
this is thread 1 [0]...
this is thread 2 [0]...
this is thread 3 [0]...
This is main(3)[1]...
this is thread 1 [1]...
this is thread 2 [1]...
this is thread 3 [1]...
This is main(3)[2]...
this is thread 1 [2]...
this is thread 2 [2]...
this is thread 3 [2]...
This is main(3)[3]...
Thread 1 is done...
Thread 2 is done...
Thread 3 is done...
Begin shutdown...
Done with shutdown...
