This is main()#0 created single thread[1]...
This is main()#0 created double thread[2]...
This is main()#0 created triple thread[5]...
This is main()#0 created quad thread[15]...
This is main()[0]...
this is thread #1 [0]...
this is double thread #2, created single thread #3.
this is double thread #2, created single thread #4.
this is triple thread #5, created double thread #6.
this is triple thread #5, created double thread #9.
this is triple thread #5, created double thread #12.
this is double thread #6, created single thread #7.
this is double thread #6, created single thread #8.
this is double thread #9, created single thread #10.
this is double thread #9, created single thread #11.
this is double thread #12, created single thread #13.
this is double thread #12, created single thread #14.
this is 'double' thread 6 [0]...
this is 'double' thread 9 [0]...
this is 'double' thread 12 [0]...
this is 'double' thread 6 [1]...
this is 'double' thread 9 [1]...
this is 'double' thread 12 [1]...
this is 'double' thread 6 [2]...
this is 'double' thread 9 [2]...
this is 'double' thread 12 [2]...
this is 'double' thread 6 [3]...
this is 'double' thread 9 [3]...
this is 'double' thread 12 [3]...
this is 'double' thread 6 [4]...
this is 'double' thread 9 [4]...
this is 'double' thread 12 [4]...
this is 'double' thread 6 [5]...
this is 'double' thread 9 [5]...
this is 'double' thread 12 [5]...
this is 'double' thread 6 [6]...
this is 'double' thread 9 [6]...
this is 'double' thread 12 [6]...
this is 'double' thread 6 [7]...
this is 'double' thread 9 [7]...
this is 'double' thread 12 [7]...
Thread 6 is done...
Thread 9 is done...
Thread 12 is done...
this is quad thread #15, created single thread #16.
this is quad thread #15, created single thread #17.
this is quad thread #15, created single thread #18.
this is quad thread #15, created single thread #19.
This is main()[1]...
this is thread #1 [1]...
this is thread #3 [0]...
this is thread #4 [0]...
this is 'double' thread 2 [0]...
this is 'triple' thread 5 [0]...
this is thread #7 [0]...
this is thread #8 [0]...
this is thread #10 [0]...
this is thread #11 [0]...
this is thread #13 [0]...
this is thread #14 [0]...
this is thread #16 [0]...
this is thread #17 [0]...
this is thread #18 [0]...
this is thread #19 [0]...
this is 'quad' thread #15 [0]...
This is main()[2]...
this is thread #1 [2]...
this is thread #3 [1]...
this is thread #4 [1]...
this is 'double' thread 2 [1]...
this is 'triple' thread 5 [1]...
this is thread #7 [1]...
this is thread #8 [1]...
this is thread #10 [1]...
this is thread #11 [1]...
this is thread #13 [1]...
this is thread #14 [1]...
this is thread #16 [1]...
this is thread #17 [1]...
this is thread #18 [1]...
this is thread #19 [1]...
this is 'quad' thread #15 [1]...
This is main()[3]...
this is thread #1 [3]...
this is thread #3 [2]...
this is thread #4 [2]...
this is 'double' thread 2 [2]...
this is 'triple' thread 5 [2]...
this is thread #7 [2]...
this is thread #8 [2]...
this is thread #10 [2]...
this is thread #11 [2]...
this is thread #13 [2]...
this is thread #14 [2]...
this is thread #16 [2]...
this is thread #17 [2]...
this is thread #18 [2]...
this is thread #19 [2]...
this is 'quad' thread #15 [2]...
This is main()[4]...
this is thread #1 [4]...
this is thread #3 [3]...
this is thread #4 [3]...
this is 'double' thread 2 [3]...
this is 'triple' thread 5 [3]...
this is thread #7 [3]...
this is thread #8 [3]...
this is thread #10 [3]...
this is thread #11 [3]...
this is thread #13 [3]...
this is thread #14 [3]...
this is thread #16 [3]...
this is thread #17 [3]...
this is thread #18 [3]...
this is thread #19 [3]...
this is 'quad' thread #15 [3]...
This is main()[5]...
this is thread #1 [5]...
this is thread #3 [4]...
this is thread #4 [4]...
this is 'double' thread 2 [4]...
this is 'triple' thread 5 [4]...
this is thread #7 [4]...
this is thread #8 [4]...
this is thread #10 [4]...
this is thread #11 [4]...
this is thread #13 [4]...
this is thread #14 [4]...
this is thread #16 [4]...
this is thread #17 [4]...
this is thread #18 [4]...
this is thread #19 [4]...
Thread 15 is done...
This is main()[6]...
this is thread #1 [6]...
this is thread #3 [5]...
this is thread #4 [5]...
this is 'double' thread 2 [5]...
this is 'triple' thread 5 [5]...
this is thread #7 [5]...
this is thread #8 [5]...
this is thread #10 [5]...
this is thread #11 [5]...
this is thread #13 [5]...
this is thread #14 [5]...
this is thread #16 [5]...
this is thread #17 [5]...
this is thread #18 [5]...
this is thread #19 [5]...
This is main()[7]...
this is thread #1 [7]...
this is thread #3 [6]...
this is thread #4 [6]...
this is 'double' thread 2 [6]...
Thread 5 is done...
this is thread #7 [6]...
this is thread #8 [6]...
this is thread #10 [6]...
this is thread #11 [6]...
this is thread #13 [6]...
this is thread #14 [6]...
this is thread #16 [6]...
this is thread #17 [6]...
this is thread #18 [6]...
this is thread #19 [6]...
This is main()[8]...
this is thread #1 [8]...
this is thread #3 [7]...
this is thread #4 [7]...
this is 'double' thread 2 [7]...
this is thread #7 [7]...
this is thread #8 [7]...
this is thread #10 [7]...
this is thread #11 [7]...
this is thread #13 [7]...
this is thread #14 [7]...
this is thread #16 [7]...
this is thread #17 [7]...
this is thread #18 [7]...
this is thread #19 [7]...
This is main()[9]...
this is thread #1 [9]...
this is thread #3 [8]...
this is thread #4 [8]...
Thread 2 is done...
this is thread #7 [8]...
this is thread #8 [8]...
this is thread #10 [8]...
this is thread #11 [8]...
this is thread #13 [8]...
this is thread #14 [8]...
this is thread #16 [8]...
this is thread #17 [8]...
this is thread #18 [8]...
this is thread #19 [8]...
This is main()[10]...
Thread 1 is done...
this is thread #3 [9]...
this is thread #4 [9]...
this is thread #7 [9]...
this is thread #8 [9]...
this is thread #10 [9]...
this is thread #11 [9]...
this is thread #13 [9]...
this is thread #14 [9]...
this is thread #16 [9]...
this is thread #17 [9]...
this is thread #18 [9]...
this is thread #19 [9]...
This is main()[11]...
Thread 3 is done...
Thread 4 is done...
Thread 7 is done...
Thread 8 is done...
Thread 10 is done...
Thread 11 is done...
Thread 13 is done...
Thread 14 is done...
Thread 16 is done...
Thread 17 is done...
Thread 18 is done...
Thread 19 is done...
This is main()[12]...
This is main()[13]...
This is main()[14]...
This is main()[15]...
Begin shutdown...
Done with shutdown...
